// Jest Snapshot v1, https://goo.gl/fbAQLP

exports[`returns an AssetPool type from application 1`] = `
Object {
  "data": Object {
    "pools": Array [
      Object {
        "asset": Object {
          "chain": "AAA",
          "symbol": "BBB-CCC",
          "ticker": "BBB",
        },
        "assetDepth": "assetDepth",
        "assetROI": "assetROI",
        "assetStakedTotal": "assetStakedTotal",
        "buyAssetCount": "buyAssetCount",
        "buyFeeAverage": "buyFeeAverage",
        "buyFeesTotal": "buyFeesTotal",
        "buySlipAverage": "buySlipAverage",
        "buyTxAverage": "buyTxAverage",
        "buyVolume": "buyVolume",
        "poolDepth": "poolDepth",
        "poolFeeAverage": "poolFeeAverage",
        "poolFeesTotal": "poolFeesTotal",
        "poolROI": "poolROI",
        "poolROI12": "poolROI12",
        "poolSlipAverage": "poolSlipAverage",
        "poolStakedTotal": "poolStakedTotal",
        "poolTxAverage": "poolTxAverage",
        "poolUnits": "poolUnits",
        "poolVolume": "poolVolume",
        "poolVolume24hr": "poolVolume24hr",
        "price": "price",
        "runeDepth": "runeDepth",
        "runeROI": "runeROI",
        "runeStakedTotal": "runeStakedTotal",
        "sellAssetCount": "sellAssetCount",
        "sellFeeAverage": "sellFeeAverage",
        "sellFeesTotal": "sellFeesTotal",
        "sellSlipAverage": "sellSlipAverage",
        "sellTxAverage": "sellTxAverage",
        "sellVolume": "sellVolume",
        "stakeTxCount": "stakeTxCount",
        "stakersCount": "stakersCount",
        "stakingTxCount": "stakingTxCount",
        "status": "enabled",
        "swappersCount": "swappersCount",
        "swappingTxCount": "swappingTxCount",
        "withdrawTxCount": "withdrawTxCount",
      },
      Object {
        "asset": Object {
          "chain": "DDD",
          "symbol": "EEE-FFF",
          "ticker": "EEE",
        },
        "assetDepth": "assetDepth",
        "assetROI": "assetROI",
        "assetStakedTotal": "assetStakedTotal",
        "buyAssetCount": "buyAssetCount",
        "buyFeeAverage": "buyFeeAverage",
        "buyFeesTotal": "buyFeesTotal",
        "buySlipAverage": "buySlipAverage",
        "buyTxAverage": "buyTxAverage",
        "buyVolume": "buyVolume",
        "poolDepth": "poolDepth",
        "poolFeeAverage": "poolFeeAverage",
        "poolFeesTotal": "poolFeesTotal",
        "poolROI": "poolROI",
        "poolROI12": "poolROI12",
        "poolSlipAverage": "poolSlipAverage",
        "poolStakedTotal": "poolStakedTotal",
        "poolTxAverage": "poolTxAverage",
        "poolUnits": "poolUnits",
        "poolVolume": "poolVolume",
        "poolVolume24hr": "poolVolume24hr",
        "price": "price",
        "runeDepth": "runeDepth",
        "runeROI": "runeROI",
        "runeStakedTotal": "runeStakedTotal",
        "sellAssetCount": "sellAssetCount",
        "sellFeeAverage": "sellFeeAverage",
        "sellFeesTotal": "sellFeesTotal",
        "sellSlipAverage": "sellSlipAverage",
        "sellTxAverage": "sellTxAverage",
        "sellVolume": "sellVolume",
        "stakeTxCount": "stakeTxCount",
        "stakersCount": "stakersCount",
        "stakingTxCount": "stakingTxCount",
        "status": "disabled",
        "swappersCount": "swappersCount",
        "swappingTxCount": "swappingTxCount",
        "withdrawTxCount": "withdrawTxCount",
      },
    ],
  },
  "errors": undefined,
  "extensions": undefined,
  "http": Object {
    "headers": Headers {
      Symbol(map): Object {},
    },
  },
}
`;
